[06Dec2024 20:18:53.891] [main/INFO] [cpw.mods.modlauncher.Launcher/MODLAUNCHER]: ModLauncher running: args [--launchTarget, forgeclientuserdev, --version, 21.1.83, --assetIndex, asset-index, --assetsDir, C:\Users\dariu\.gradle\caches\minecraft\assets, --gameDir, ., --fml.neoForgeVersion, 21.1.83, --fml.fmlVersion, 4.0.34, --fml.mcVersion, 1.21.1, --fml.neoFormVersion, 20240808.144430]
[06Dec2024 20:18:53.895] [main/INFO] [cpw.mods.modlauncher.Launcher/MODLAUNCHER]: JVM identified as Eclipse Adoptium OpenJDK 64-Bit Server VM 21.0.4+7-LTS
[06Dec2024 20:18:53.897] [main/INFO] [cpw.mods.modlauncher.Launcher/MODLAUNCHER]: ModLauncher 11.0.4+main.d2e20e43 starting: java version 21.0.4 by Eclipse Adoptium; OS Windows 11 arch amd64 version 10.0
[06Dec2024 20:18:54.011] [main/WARN] [net.neoforged.fml.loading.FMLConfig/CORE]: Configuration file F:\Modding\Workspaces\Foxirion's Forge\RealityMod\runs\client\config\fml.toml is not correct. Correcting
[06Dec2024 20:18:54.052] [main/INFO] [net.neoforged.fml.loading.ImmediateWindowHandler/]: Loading ImmediateWindowProvider fmlearlywindow
[06Dec2024 20:18:54.154] [main/INFO] [EARLYDISPLAY/]: Trying GL version 4.6
[06Dec2024 20:18:54.353] [main/INFO] [EARLYDISPLAY/]: Requested GL version 4.6 got version 4.6
[06Dec2024 20:18:54.497] [main/INFO] [mixin/]: SpongePowered MIXIN Subsystem Version=0.8.7 Source=union:/C:/Users/dariu/.gradle/caches/modules-2/files-2.1/net.fabricmc/sponge-mixin/0.15.2+mixin.0.8.7/2af2f021d8e02a0220dc27a7a72b4666d66d44ca/sponge-mixin-0.15.2+mixin.0.8.7.jar%23135!/ Service=ModLauncher Env=CLIENT
[06Dec2024 20:18:54.506] [main/WARN] [net.neoforged.fml.loading.FMLConfig/CORE]: Configuration file F:\Modding\Workspaces\Foxirion's Forge\RealityMod\runs\client\config\fml.toml is not correct. Correcting
[06Dec2024 20:18:54.815] [main/INFO] [net.neoforged.fml.loading.moddiscovery.ModDiscoverer/SCAN]: Found mod file "neoforge-21.1.83.jar" [locator: neoforge devenv provider ([F:\Modding\Workspaces\Foxirion's Forge\RealityMod\.gradle\repositories\ng_dummy_ng\net\neoforged\neoforge\21.1.83\neoforge-21.1.83.jar])]
[06Dec2024 20:18:54.827] [pool-2-thread-1/INFO] [EARLYDISPLAY/]: GL info: NVIDIA GeForce RTX 3060 Laptop GPU/PCIe/SSE2 GL version 4.6.0 NVIDIA 566.36, NVIDIA Corporation
[06Dec2024 20:18:54.849] [main/INFO] [net.neoforged.fml.loading.moddiscovery.ModDiscoverer/SCAN]: Found mod file "neoforge-21.1.83.jar" [locator: neoforge devenv provider ([F:\Modding\Workspaces\Foxirion's Forge\RealityMod\.gradle\repositories\ng_dummy_ng\net\neoforged\neoforge\21.1.83\neoforge-21.1.83.jar])]
[06Dec2024 20:18:54.869] [main/INFO] [net.neoforged.fml.loading.moddiscovery.ModDiscoverer/SCAN]: Found mod file "main" [locator: userdev mods and services, reader: mod manifest]
[06Dec2024 20:18:54.887] [main/INFO] [net.neoforged.fml.loading.moddiscovery.ModDiscoverer/SCAN]: Found mod file "neoforge-21.1.83.jar" [locator: userdev mods and services, reader: mod manifest]
[06Dec2024 20:18:54.925] [main/INFO] [net.neoforged.fml.loading.moddiscovery.ModDiscoverer/SCAN]: Found gamelibrary file "mixinextras-neoforge-0.4.1.jar" [locator: userdev mods and services, reader: mod manifest]
[06Dec2024 20:18:55.165] [main/WARN] [net.neoforged.jarjar.selection.JarSelector/]: Attempted to select a dependency jar for JarJar which was passed in as source: library:mixinextras.neoforge. Using Mod File: C:\Users\dariu\.gradle\caches\modules-2\files-2.1\io.github.llamalad7\mixinextras-neoforge\0.4.1\eff97772ecd0dcf8e52cdbafd3b3ccec425f8314\mixinextras-neoforge-0.4.1.jar
[06Dec2024 20:18:55.165] [main/INFO] [net.neoforged.fml.loading.moddiscovery.locators.JarInJarDependencyLocator/]: Found 1 dependencies adding them to mods collection
[06Dec2024 20:18:55.165] [main/INFO] [net.neoforged.fml.loading.moddiscovery.ModDiscoverer/SCAN]: Found library file "neoforge-coremods-21.1.83.jar" [parent: neoforge-21.1.83.jar, locator: jarinjar, reader: mod manifest]
[06Dec2024 20:18:55.167] [main/INFO] [net.neoforged.fml.loading.moddiscovery.ModDiscoverer/]: 
     Mod List:
		Name Version (Mod Id)

		Minecraft 1.21.1 (minecraft)
		NeoForge 21.1.83 (neoforge)
		Reality Mod 1.0.0-1.21.1-neo (realitymod)
[06Dec2024 20:18:55.992] [main/INFO] [cpw.mods.modlauncher.LaunchServiceHandler/MODLAUNCHER]: Launching target 'forgeclientuserdev' with arguments [--version, 21.1.83, --gameDir, ., --assetsDir, C:\Users\dariu\.gradle\caches\minecraft\assets, --assetIndex, asset-index]
[06Dec2024 20:18:58.007] [Datafixer Bootstrap/INFO] [com.mojang.datafixers.DataFixerBuilder/]: 229 Datafixer optimizations took 466 milliseconds
[06Dec2024 20:18:58.164] [pool-7-thread-1/INFO] [MixinExtras|Service/]: Initializing MixinExtras via com.llamalad7.mixinextras.service.MixinExtrasServiceImpl(version=0.4.1).
[06Dec2024 20:19:04.072] [main/WARN] [net.minecraft.commands.Commands/]: Ambiguity between arguments [teleport, location] and [teleport, destination] with inputs: [0.1 -0.5 .9, 0 0 0]
[06Dec2024 20:19:04.073] [main/WARN] [net.minecraft.commands.Commands/]: Ambiguity between arguments [teleport, location] and [teleport, targets] with inputs: [0.1 -0.5 .9, 0 0 0]
[06Dec2024 20:19:04.077] [main/WARN] [net.minecraft.commands.Commands/]: Ambiguity between arguments [teleport, destination] and [teleport, targets] with inputs: [Player, 0123, @e, dd12be42-52a9-4a91-a8a1-11c01849e498]
[06Dec2024 20:19:04.081] [main/WARN] [net.minecraft.commands.Commands/]: Ambiguity between arguments [teleport, targets] and [teleport, destination] with inputs: [Player, 0123, dd12be42-52a9-4a91-a8a1-11c01849e498]
[06Dec2024 20:19:04.082] [main/WARN] [net.minecraft.commands.Commands/]: Ambiguity between arguments [teleport, targets, location] and [teleport, targets, destination] with inputs: [0.1 -0.5 .9, 0 0 0]
[06Dec2024 20:19:04.234] [Render thread/WARN] [net.minecraft.server.packs.VanillaPackResourcesBuilder/]: Assets URL 'union:/F:/Modding/Workspaces/Foxirion's%20Forge/RealityMod/.gradle/repositories/ng_dummy_ng/net/neoforged/neoforge/21.1.83/neoforge-21.1.83.jar%23189!/assets/.mcassetsroot' uses unexpected schema
[06Dec2024 20:19:04.234] [Render thread/WARN] [net.minecraft.server.packs.VanillaPackResourcesBuilder/]: Assets URL 'union:/F:/Modding/Workspaces/Foxirion's%20Forge/RealityMod/.gradle/repositories/ng_dummy_ng/net/neoforged/neoforge/21.1.83/neoforge-21.1.83.jar%23189!/data/.mcassetsroot' uses unexpected schema
[06Dec2024 20:19:04.263] [Render thread/INFO] [com.mojang.authlib.yggdrasil.YggdrasilAuthenticationService/]: Environment: Environment[sessionHost=https://sessionserver.mojang.com, servicesHost=https://api.minecraftservices.com, name=PROD]
[06Dec2024 20:19:04.278] [Render thread/INFO] [net.minecraft.client.Minecraft/]: Setting user: Dev
[06Dec2024 20:19:04.408] [Render thread/INFO] [net.minecraft.client.Minecraft/]: Backend library: LWJGL version 3.3.3+5
[06Dec2024 20:19:04.694] [modloading-worker-0/INFO] [net.neoforged.neoforge.common.NeoForgeMod/NEOFORGE-MOD]: NeoForge mod loading, version 21.1.83, for MC 1.21.1
[06Dec2024 20:19:05.754] [Render thread/INFO] [net.neoforged.neoforge.gametest.GameTestHooks/]: Enabled Gametest Namespaces: []
[06Dec2024 20:19:05.935] [Render thread/INFO] [net.minecraft.server.packs.resources.ReloadableResourceManager/]: Reloading ResourceManager: vanilla, mod_resources, mod/realitymod, mod/neoforge
[06Dec2024 20:19:06.063] [Worker-Main-7/INFO] [net.minecraft.client.gui.font.providers.UnihexProvider/]: Found unifont_all_no_pua-15.1.05.hex, loading
[06Dec2024 20:19:06.070] [Worker-Main-9/INFO] [net.minecraft.client.gui.font.providers.UnihexProvider/]: Found unifont_jp_patch-15.1.05.hex, loading
[06Dec2024 20:19:07.175] [Worker-Main-6/WARN] [net.minecraft.client.resources.model.ModelBakery/]: Unable to load model: 'realitymod:item/potted_palm_sapling' referenced from: realitymod:item/potted_palm_sapling: java.io.FileNotFoundException: realitymod:models/item/potted_palm_sapling.json
[06Dec2024 20:19:07.949] [Render thread/WARN] [net.minecraft.client.sounds.SoundEngine/]: Missing sound for event: minecraft:item.goat_horn.play
[06Dec2024 20:19:07.950] [Render thread/WARN] [net.minecraft.client.sounds.SoundEngine/]: Missing sound for event: minecraft:entity.goat.screaming.horn_break
[06Dec2024 20:19:08.148] [Render thread/INFO] [com.mojang.blaze3d.audio.Library/]: OpenAL initialized on device OpenAL Soft on Speakers (Realtek(R) Audio)
[06Dec2024 20:19:08.149] [Render thread/INFO] [net.minecraft.client.sounds.SoundEngine/SOUNDS]: Sound engine started
[06Dec2024 20:19:08.312] [Render thread/INFO] [net.minecraft.client.renderer.texture.TextureAtlas/]: Created: 1024x512x4 minecraft:textures/atlas/blocks.png-atlas
[06Dec2024 20:19:08.324] [Render thread/INFO] [net.minecraft.client.renderer.texture.TextureAtlas/]: Created: 256x256x4 minecraft:textures/atlas/signs.png-atlas
[06Dec2024 20:19:08.324] [Render thread/INFO] [net.minecraft.client.renderer.texture.TextureAtlas/]: Created: 512x512x4 minecraft:textures/atlas/shield_patterns.png-atlas
[06Dec2024 20:19:08.326] [Render thread/INFO] [net.minecraft.client.renderer.texture.TextureAtlas/]: Created: 512x512x4 minecraft:textures/atlas/banner_patterns.png-atlas
[06Dec2024 20:19:08.327] [Render thread/INFO] [net.minecraft.client.renderer.texture.TextureAtlas/]: Created: 1024x1024x4 minecraft:textures/atlas/armor_trims.png-atlas
[06Dec2024 20:19:08.330] [Render thread/INFO] [net.minecraft.client.renderer.texture.TextureAtlas/]: Created: 128x64x4 minecraft:textures/atlas/decorated_pot.png-atlas
[06Dec2024 20:19:08.330] [Render thread/INFO] [net.minecraft.client.renderer.texture.TextureAtlas/]: Created: 256x256x4 minecraft:textures/atlas/chest.png-atlas
[06Dec2024 20:19:08.331] [Render thread/INFO] [net.minecraft.client.renderer.texture.TextureAtlas/]: Created: 512x256x4 minecraft:textures/atlas/beds.png-atlas
[06Dec2024 20:19:08.331] [Render thread/INFO] [net.minecraft.client.renderer.texture.TextureAtlas/]: Created: 512x256x4 minecraft:textures/atlas/shulker_boxes.png-atlas
[06Dec2024 20:19:08.420] [Render thread/INFO] [net.minecraft.client.renderer.texture.TextureAtlas/]: Created: 512x256x0 minecraft:textures/atlas/particles.png-atlas
[06Dec2024 20:19:08.421] [Render thread/INFO] [net.minecraft.client.renderer.texture.TextureAtlas/]: Created: 512x256x0 minecraft:textures/atlas/paintings.png-atlas
[06Dec2024 20:19:08.423] [Render thread/INFO] [net.minecraft.client.renderer.texture.TextureAtlas/]: Created: 256x128x0 minecraft:textures/atlas/mob_effects.png-atlas
[06Dec2024 20:19:08.424] [Render thread/INFO] [net.minecraft.client.renderer.texture.TextureAtlas/]: Created: 64x64x0 minecraft:textures/atlas/map_decorations.png-atlas
[06Dec2024 20:19:08.424] [Render thread/INFO] [net.minecraft.client.renderer.texture.TextureAtlas/]: Created: 1024x512x0 minecraft:textures/atlas/gui.png-atlas
[06Dec2024 20:19:08.468] [Render thread/WARN] [net.minecraft.client.renderer.ShaderInstance/]: Shader rendertype_entity_translucent_emissive could not find sampler named Sampler2 in the specified shader program.
[06Dec2024 20:19:08.571] [Render thread/INFO] [net.neoforged.neoforge.client.entity.animation.json.AnimationLoader/]: Loaded 0 entity animations
[06Dec2024 20:19:21.113] [Render thread/INFO] [net.minecraft.world.level.storage.LevelStorageSource/]: Deleting level New Worldadasd
[06Dec2024 20:19:21.113] [Render thread/INFO] [net.minecraft.world.level.storage.LevelStorageSource/]: Attempt 1...
[06Dec2024 20:19:22.577] [Render thread/INFO] [net.minecraft.world.item.crafting.RecipeManager/]: Loaded 1310 recipes
[06Dec2024 20:19:22.796] [Render thread/INFO] [net.minecraft.advancements.AdvancementTree/]: Loaded 1419 advancements
[06Dec2024 20:19:28.480] [Server thread/INFO] [net.minecraft.client.server.IntegratedServer/]: Starting integrated minecraft server version 1.21.1
[06Dec2024 20:19:28.480] [Server thread/INFO] [net.minecraft.server.MinecraftServer/]: Generating keypair
[06Dec2024 20:19:31.466] [Server thread/INFO] [net.minecraft.server.MinecraftServer/]: Preparing start region for dimension minecraft:overworld
[06Dec2024 20:19:31.511] [progressListener/INFO] [net.minecraft.server.level.progress.LoggerChunkProgressListener/]: Preparing spawn area: 2%
[06Dec2024 20:19:31.973] [progressListener/INFO] [net.minecraft.server.level.progress.LoggerChunkProgressListener/]: Preparing spawn area: 2%
[06Dec2024 20:19:33.267] [progressListener/INFO] [net.minecraft.server.level.progress.LoggerChunkProgressListener/]: Preparing spawn area: 6%
[06Dec2024 20:19:33.267] [progressListener/INFO] [net.minecraft.server.level.progress.LoggerChunkProgressListener/]: Preparing spawn area: 6%
[06Dec2024 20:19:33.474] [progressListener/INFO] [net.minecraft.server.level.progress.LoggerChunkProgressListener/]: Preparing spawn area: 18%
[06Dec2024 20:19:33.973] [progressListener/INFO] [net.minecraft.server.level.progress.LoggerChunkProgressListener/]: Preparing spawn area: 18%
[06Dec2024 20:19:34.487] [progressListener/INFO] [net.minecraft.server.level.progress.LoggerChunkProgressListener/]: Preparing spawn area: 51%
[06Dec2024 20:19:34.977] [progressListener/INFO] [net.minecraft.server.level.progress.LoggerChunkProgressListener/]: Preparing spawn area: 51%
[06Dec2024 20:19:35.331] [Server thread/INFO] [net.neoforged.neoforge.server.permission.PermissionAPI/]: Successfully initialized permission handler neoforge:default_handler
[06Dec2024 20:19:35.333] [progressListener/INFO] [net.minecraft.server.level.progress.LoggerChunkProgressListener/]: Time elapsed: 3866 ms
[06Dec2024 20:19:35.374] [Server thread/INFO] [net.minecraft.client.server.IntegratedServer/]: Changing view distance to 12, from 10
[06Dec2024 20:19:35.374] [Server thread/INFO] [net.minecraft.client.server.IntegratedServer/]: Changing simulation distance to 12, from 0
[06Dec2024 20:19:36.170] [Server thread/INFO] [net.minecraft.server.players.PlayerList/]: Dev[local:E:095988ee] logged in with entity id 13 at (75.5, 66.0, -57.5)
[06Dec2024 20:19:36.239] [Server thread/INFO] [net.minecraft.server.MinecraftServer/]: Dev joined the game
[06Dec2024 20:19:37.028] [Render thread/INFO] [net.minecraft.advancements.AdvancementTree/]: Loaded 2 advancements
[06Dec2024 20:19:45.407] [Render thread/WARN] [net.minecraft.client.sounds.SoundEngine/SOUNDS]: Unable to play empty soundEvent: minecraft:entity.salmon.ambient
[06Dec2024 20:20:04.577] [Server thread/INFO] [net.minecraft.server.commands.LocateCommand/]: Locating element minecraft:desert took 1123 ms
[06Dec2024 20:20:04.586] [Render thread/INFO] [net.minecraft.client.gui.components.ChatComponent/]: [System] [CHAT] The nearest minecraft:desert is at [1797, 110, 1746] (2511 blocks away)
[06Dec2024 20:20:07.531] [Server thread/INFO] [net.minecraft.server.MinecraftServer/]: [Dev: Teleported Dev to 1797.500000, 110.000000, 1746.500000]
[06Dec2024 20:20:07.560] [Render thread/INFO] [net.minecraft.client.gui.components.ChatComponent/]: [System] [CHAT] Teleported Dev to 1797.500000, 110.000000, 1746.500000
[06Dec2024 20:20:39.284] [Server thread/INFO] [net.minecraft.server.MinecraftServer/]: [Dev: Applied effect Glowing to 15 targets]
[06Dec2024 20:20:39.285] [Render thread/INFO] [net.minecraft.client.gui.components.ChatComponent/]: [System] [CHAT] Applied effect Glowing to 15 targets
[06Dec2024 20:20:52.158] [Server thread/INFO] [net.minecraft.server.MinecraftServer/]: [Dev: Applied effect Glowing to 13 targets]
[06Dec2024 20:20:52.159] [Render thread/INFO] [net.minecraft.client.gui.components.ChatComponent/]: [System] [CHAT] Applied effect Glowing to 13 targets
[06Dec2024 20:21:04.493] [Server thread/INFO] [net.minecraft.server.MinecraftServer/]: [Dev: Applied effect Glowing to 10 targets]
[06Dec2024 20:21:04.495] [Render thread/INFO] [net.minecraft.client.gui.components.ChatComponent/]: [System] [CHAT] Applied effect Glowing to 10 targets
[06Dec2024 20:21:12.677] [Server thread/INFO] [net.minecraft.server.MinecraftServer/]: [Dev: Applied effect Glowing to 11 targets]
[06Dec2024 20:21:12.683] [Render thread/INFO] [net.minecraft.client.gui.components.ChatComponent/]: [System] [CHAT] Applied effect Glowing to 11 targets
[06Dec2024 20:21:28.655] [Server thread/INFO] [net.minecraft.server.MinecraftServer/]: [Dev: Applied effect Glowing to 14 targets]
[06Dec2024 20:21:28.656] [Render thread/INFO] [net.minecraft.client.gui.components.ChatComponent/]: [System] [CHAT] Applied effect Glowing to 14 targets
[06Dec2024 20:21:40.973] [Server thread/INFO] [net.minecraft.server.MinecraftServer/]: [Dev: Applied effect Glowing to 16 targets]
[06Dec2024 20:21:40.975] [Render thread/INFO] [net.minecraft.client.gui.components.ChatComponent/]: [System] [CHAT] Applied effect Glowing to 16 targets
[06Dec2024 20:21:48.182] [Server thread/INFO] [net.minecraft.server.MinecraftServer/]: [Dev: Applied effect Glowing to 18 targets]
[06Dec2024 20:21:48.184] [Render thread/INFO] [net.minecraft.client.gui.components.ChatComponent/]: [System] [CHAT] Applied effect Glowing to 18 targets
[06Dec2024 20:22:02.910] [Server thread/INFO] [net.minecraft.server.MinecraftServer/]: [Dev: Applied effect Glowing to 15 targets]
[06Dec2024 20:22:02.913] [Render thread/INFO] [net.minecraft.client.gui.components.ChatComponent/]: [System] [CHAT] Applied effect Glowing to 15 targets
[06Dec2024 20:22:52.434] [Server thread/INFO] [net.minecraft.client.server.IntegratedServer/]: Saving and pausing game...
[06Dec2024 20:22:52.453] [Server thread/INFO] [net.minecraft.server.MinecraftServer/]: Saving chunks for level 'ServerLevel[New Worldfsdfs]'/minecraft:overworld
[06Dec2024 20:22:52.473] [Server thread/INFO] [net.minecraft.server.MinecraftServer/]: Saving chunks for level 'ServerLevel[New Worldfsdfs]'/minecraft:the_end
[06Dec2024 20:22:52.477] [Server thread/INFO] [net.minecraft.server.MinecraftServer/]: Saving chunks for level 'ServerLevel[New Worldfsdfs]'/minecraft:the_nether
[06Dec2024 20:22:52.643] [Server thread/INFO] [net.minecraft.server.network.ServerGamePacketListenerImpl/]: Dev lost connection: Disconnected
[06Dec2024 20:22:52.645] [Server thread/INFO] [net.minecraft.server.MinecraftServer/]: Dev left the game
[06Dec2024 20:22:52.653] [Server thread/INFO] [net.minecraft.server.network.ServerCommonPacketListenerImpl/]: Stopping singleplayer server as player logged out
[06Dec2024 20:22:52.705] [Server thread/INFO] [net.minecraft.server.MinecraftServer/]: Stopping server
[06Dec2024 20:22:52.705] [Server thread/INFO] [net.minecraft.server.MinecraftServer/]: Saving players
[06Dec2024 20:22:52.705] [Server thread/INFO] [net.minecraft.server.MinecraftServer/]: Saving worlds
[06Dec2024 20:22:54.383] [Server thread/INFO] [net.minecraft.server.MinecraftServer/]: Saving chunks for level 'ServerLevel[New Worldfsdfs]'/minecraft:overworld
[06Dec2024 20:22:54.516] [Server thread/INFO] [net.minecraft.server.MinecraftServer/]: Saving chunks for level 'ServerLevel[New Worldfsdfs]'/minecraft:the_end
[06Dec2024 20:22:54.520] [Server thread/INFO] [net.minecraft.server.MinecraftServer/]: Saving chunks for level 'ServerLevel[New Worldfsdfs]'/minecraft:the_nether
[06Dec2024 20:22:54.526] [Server thread/INFO] [net.minecraft.server.MinecraftServer/]: ThreadedAnvilChunkStorage (New Worldfsdfs): All chunks are saved
[06Dec2024 20:22:54.526] [Server thread/INFO] [net.minecraft.server.MinecraftServer/]: ThreadedAnvilChunkStorage (DIM1): All chunks are saved
[06Dec2024 20:22:54.526] [Server thread/INFO] [net.minecraft.server.MinecraftServer/]: ThreadedAnvilChunkStorage (DIM-1): All chunks are saved
[06Dec2024 20:22:54.526] [Server thread/INFO] [net.minecraft.server.MinecraftServer/]: ThreadedAnvilChunkStorage: All dimensions are saved
[06Dec2024 20:22:55.583] [Render thread/INFO] [net.minecraft.client.Minecraft/]: Stopping!
